[INFO] Scanning for projects...
[INFO] 
[INFO] ----------------------< com.example:nihongo-app >-----------------------
[INFO] Building  0.0.1-SNAPSHOT
[INFO]   from pom.xml
[INFO] --------------------------------[ jar ]---------------------------------
[INFO] 
[INFO] >>> spring-boot:4.1.0:run (default-cli) > test-compile @ nihongo-app >>>
[INFO] 
[INFO] --- resources:3.5.0:resources (default-resources) @ nihongo-app ---
[INFO] Copying 1 resource from src\main\resources to target\classes
[INFO] Copying 42 resources from src\main\resources to target\classes
[INFO] 
[INFO] --- compiler:3.15.0:compile (default-compile) @ nihongo-app ---
[INFO] Nothing to compile - all classes are up to date.
[INFO] 
[INFO] --- resources:3.5.0:testResources (default-testResources) @ nihongo-app ---
[INFO] skip non existing resourceDirectory C:\Users\Endministrator\Documents\BE_NihongoApp\src\test\resources
[INFO] 
[INFO] --- compiler:3.15.0:testCompile (default-testCompile) @ nihongo-app ---
[INFO] Nothing to compile - all classes are up to date.
[INFO] 
[INFO] <<< spring-boot:4.1.0:run (default-cli) < test-compile @ nihongo-app <<<
[INFO] 
[INFO] 
[INFO] --- spring-boot:4.1.0:run (default-cli) @ nihongo-app ---
[INFO] Attaching agents: []

  .   ____          _            __ _ _
 /\\ / ___'_ __ _ _(_)_ __  __ _ \ \ \ \
( ( )\___ | '_ | '_| | '_ \/ _` | \ \ \ \
 \\/  ___)| |_)| | | | | || (_| |  ) ) ) )
  '  |____| .__|_| |_|_| |_\__, | / / / /
 =========|_|==============|___/=/_/_/_/

 :: Spring Boot ::                (v4.1.0)

2026-09-05T13:01:34.753+07:00  INFO 18080 --- [  restartedMain] c.e.nihongo_app.NihongoAppApplication    : Starting NihongoAppApplication using Java 17.0.19 with PID 18080 (C:\Users\Endministrator\Documents\BE_NihongoApp\target\classes started by Endministrator in C:\Users\Endministrator\Documents\BE_NihongoApp)
2026-09-05T13:01:34.758+07:00  INFO 18080 --- [  restartedMain] c.e.nihongo_app.NihongoAppApplication    : No active profile set, falling back to 1 default profile: "default"
2026-09-05T13:01:34.819+07:00  INFO 18080 --- [  restartedMain] .e.DevToolsPropertyDefaultsPostProcessor : Devtools property defaults active! Set 'spring.devtools.add-properties' to 'false' to disable
2026-09-05T13:01:34.820+07:00  INFO 18080 --- [  restartedMain] .e.DevToolsPropertyDefaultsPostProcessor : For additional web related logging consider setting the 'logging.level.web' property to 'DEBUG'
2026-09-05T13:01:35.693+07:00  INFO 18080 --- [  restartedMain] .s.d.r.c.RepositoryConfigurationDelegate : Bootstrapping Spring Data JPA repositories in DEFAULT mode.
2026-09-05T13:01:35.796+07:00  INFO 18080 --- [  restartedMain] .s.d.r.c.RepositoryConfigurationDelegate : Finished Spring Data repository scanning in 94 ms. Found 27 JPA repository interfaces.
2026-09-05T13:01:36.534+07:00  INFO 18080 --- [  restartedMain] o.s.boot.tomcat.TomcatWebServer          : Tomcat initialized with port 8080 (http)
2026-09-05T13:01:36.549+07:00  INFO 18080 --- [  restartedMain] o.apache.catalina.core.StandardService   : Starting service [Tomcat]
2026-09-05T13:01:36.549+07:00  INFO 18080 --- [  restartedMain] o.apache.catalina.core.StandardEngine    : Starting Servlet engine: [Apache Tomcat/11.0.22]
2026-09-05T13:01:36.600+07:00  INFO 18080 --- [  restartedMain] b.w.c.s.WebApplicationContextInitializer : Root WebApplicationContext: initialization completed in 1778 ms
2026-09-05T13:01:36.881+07:00  INFO 18080 --- [  restartedMain] com.zaxxer.hikari.HikariDataSource       : HikariPool-1 - Starting...
2026-09-05T13:01:37.038+07:00  INFO 18080 --- [  restartedMain] com.zaxxer.hikari.pool.HikariPool        : HikariPool-1 - Added connection com.mysql.cj.jdbc.ConnectionImpl@56124bb1
2026-09-05T13:01:37.040+07:00  INFO 18080 --- [  restartedMain] com.zaxxer.hikari.HikariDataSource       : HikariPool-1 - Start completed.
2026-09-05T13:01:37.071+07:00  INFO 18080 --- [  restartedMain] org.flywaydb.core.FlywayExecutor         : Database: jdbc:mysql://localhost:3307/nihongo_db?useSSL=false&allowPublicKeyRetrieval=true&serverTimezone=Asia/Ho_Chi_Minh (MySQL 8.4)
2026-09-05T13:01:37.230+07:00  INFO 18080 --- [  restartedMain] o.f.core.internal.command.DbMigrate      : Current version of schema `nihongo_db`: 43
2026-09-05T13:01:37.234+07:00  INFO 18080 --- [  restartedMain] o.f.core.internal.command.DbMigrate      : Schema `nihongo_db` is up to date. No migration necessary.
2026-09-05T13:01:37.345+07:00  INFO 18080 --- [  restartedMain] org.hibernate.orm.jpa                    : HHH008540: Processing PersistenceUnitInfo [name: default]
2026-09-05T13:01:37.395+07:00  INFO 18080 --- [  restartedMain] org.hibernate.orm.core                   : HHH000001: Hibernate ORM core version 7.4.1.Final
2026-09-05T13:01:37.747+07:00  INFO 18080 --- [  restartedMain] org.hibernate.orm.connections.pooling    : HHH10001005: Database info:
	Database JDBC URL [jdbc:mysql://localhost:3307/nihongo_db?useSSL=false&allowPublicKeyRetrieval=true&serverTimezone=Asia/Ho_Chi_Minh]
	Database driver: MySQL Connector/J
	Database dialect: MySQLDialect
	Database version: 8.4.10
	Default catalog/schema: nihongo_db/undefined
	Autocommit mode: undefined/unknown
	Isolation level: REPEATABLE_READ [default REPEATABLE_READ]
	JDBC fetch size: none
	Pool: DataSourceConnectionProvider
	Minimum pool size: undefined/unknown
	Maximum pool size: undefined/unknown
2026-09-05T13:01:37.981+07:00  INFO 18080 --- [  restartedMain] o.s.o.j.p.SpringPersistenceUnitInfo      : No LoadTimeWeaver setup: ignoring JPA class transformer
2026-09-05T13:01:39.379+07:00  INFO 18080 --- [  restartedMain] org.hibernate.orm.core                   : HHH000489: No JTA platform available (set 'hibernate.transaction.jta.platform' to enable JTA platform integration)
2026-09-05T13:01:39.386+07:00  INFO 18080 --- [  restartedMain] j.LocalContainerEntityManagerFactoryBean : Initialized JPA EntityManagerFactory for persistence unit 'default'
2026-09-05T13:01:39.498+07:00  INFO 18080 --- [  restartedMain] o.s.d.j.r.query.QueryEnhancerFactories   : Hibernate is in classpath; If applicable, HQL parser will be used.
2026-09-05T13:01:41.460+07:00  WARN 18080 --- [  restartedMain] JpaBaseConfiguration$JpaWebConfiguration : spring.jpa.open-in-view is enabled by default. Therefore, database queries may be performed during view rendering. Explicitly configure spring.jpa.open-in-view to disable this warning
2026-09-05T13:01:41.586+07:00  INFO 18080 --- [  restartedMain] r$InitializeUserDetailsManagerConfigurer : Global AuthenticationManager configured with UserDetailsService bean with name userDetailsServiceImpl
2026-09-05T13:01:41.696+07:00  INFO 18080 --- [  restartedMain] c.e.nihongo_app.config.SecurityConfig    : SecurityConfig loaded: JWT filter wired via SecurityFilterChain (no global registration)
2026-09-05T13:01:41.729+07:00 DEBUG 18080 --- [  restartedMain] o.s.s.web.DefaultSecurityFilterChain     : Will secure any request with filters: DisableEncodeUrlFilter, WebAsyncManagerIntegrationFilter, SecurityContextHolderFilter, HeaderWriterFilter, CorsFilter, LogoutFilter, JwtAuthenticationFilter, RequestCacheAwareFilter, SecurityContextHolderAwareRequestFilter, AnonymousAuthenticationFilter, SessionManagementFilter, ExceptionTranslationFilter, AuthorizationFilter
2026-09-05T13:01:42.312+07:00  INFO 18080 --- [  restartedMain] o.s.boot.tomcat.TomcatWebServer          : Tomcat started on port 8080 (http) with context path '/'
2026-09-05T13:01:42.323+07:00  INFO 18080 --- [  restartedMain] c.e.nihongo_app.NihongoAppApplication    : Started NihongoAppApplication in 8.004 seconds (process running for 8.463)
2026-09-05T13:01:42.326+07:00  WARN 18080 --- [  restartedMain] o.s.core.events.SpringDocAppInitializer  : SpringDoc /v3/api-docs endpoint is enabled by default. To disable it in production, set the property 'springdoc.api-docs.enabled=false'
2026-09-05T13:01:42.326+07:00  WARN 18080 --- [  restartedMain] o.s.core.events.SpringDocAppInitializer  : SpringDoc /swagger-ui.html endpoint is enabled by default. To disable it in production, set the property 'springdoc.swagger-ui.enabled=false'
2026-09-05T13:01:43.428+07:00  INFO 18080 --- [nio-8080-exec-1] o.a.c.c.C.[Tomcat].[localhost].[/]       : Initializing Spring DispatcherServlet 'dispatcherServlet'
2026-09-05T13:01:43.428+07:00  INFO 18080 --- [nio-8080-exec-1] o.s.web.servlet.DispatcherServlet        : Initializing Servlet 'dispatcherServlet'
2026-09-05T13:01:43.430+07:00  INFO 18080 --- [nio-8080-exec-1] o.s.web.servlet.DispatcherServlet        : Completed initialization in 2 ms
2026-09-05T13:01:43.439+07:00 DEBUG 18080 --- [nio-8080-exec-1] o.s.security.web.FilterChainProxy        : Securing GET /api/v1/ranks
2026-09-05T13:01:43.443+07:00 DEBUG 18080 --- [nio-8080-exec-1] c.e.n.security.JwtAuthenticationFilter   : JWT filter processing /api/v1/ranks tokenPresent=false
2026-09-05T13:01:43.445+07:00 DEBUG 18080 --- [nio-8080-exec-1] o.s.s.w.a.AnonymousAuthenticationFilter  : Set SecurityContextHolder to anonymous SecurityContext
2026-09-05T13:01:43.447+07:00 DEBUG 18080 --- [nio-8080-exec-1] o.s.s.w.a.Http403ForbiddenEntryPoint     : Pre-authenticated entry point called. Rejecting access
2026-09-05T13:01:43.450+07:00 DEBUG 18080 --- [nio-8080-exec-1] o.s.security.web.FilterChainProxy        : Securing GET /error
2026-09-05T13:01:43.451+07:00 DEBUG 18080 --- [nio-8080-exec-1] o.s.s.w.a.AnonymousAuthenticationFilter  : Set SecurityContextHolder to anonymous SecurityContext
2026-09-05T13:01:43.451+07:00 DEBUG 18080 --- [nio-8080-exec-1] o.s.s.w.a.Http403ForbiddenEntryPoint     : Pre-authenticated entry point called. Rejecting access
2026-09-05T13:01:43.482+07:00 DEBUG 18080 --- [nio-8080-exec-2] o.s.security.web.FilterChainProxy        : Securing GET /api/v1/ranks
2026-09-05T13:01:43.483+07:00 DEBUG 18080 --- [nio-8080-exec-2] c.e.n.security.JwtAuthenticationFilter   : JWT filter processing /api/v1/ranks tokenPresent=false
2026-09-05T13:01:43.483+07:00 DEBUG 18080 --- [nio-8080-exec-2] o.s.s.w.a.AnonymousAuthenticationFilter  : Set SecurityContextHolder to anonymous SecurityContext
2026-09-05T13:01:43.483+07:00 DEBUG 18080 --- [nio-8080-exec-2] o.s.s.w.a.Http403ForbiddenEntryPoint     : Pre-authenticated entry point called. Rejecting access
2026-09-05T13:01:43.483+07:00 DEBUG 18080 --- [nio-8080-exec-2] o.s.security.web.FilterChainProxy        : Securing GET /error
2026-09-05T13:01:43.484+07:00 DEBUG 18080 --- [nio-8080-exec-2] o.s.s.w.a.AnonymousAuthenticationFilter  : Set SecurityContextHolder to anonymous SecurityContext
2026-09-05T13:01:43.484+07:00 DEBUG 18080 --- [nio-8080-exec-2] o.s.s.w.a.Http403ForbiddenEntryPoint     : Pre-authenticated entry point called. Rejecting access
2026-09-05T13:01:51.518+07:00 DEBUG 18080 --- [nio-8080-exec-4] o.s.security.web.FilterChainProxy        : Securing POST /api/v1/auth/register
2026-09-05T13:01:51.519+07:00 DEBUG 18080 --- [nio-8080-exec-4] c.e.n.security.JwtAuthenticationFilter   : JWT filter processing /api/v1/auth/register tokenPresent=false
2026-09-05T13:01:51.519+07:00 DEBUG 18080 --- [nio-8080-exec-4] o.s.s.w.a.AnonymousAuthenticationFilter  : Set SecurityContextHolder to anonymous SecurityContext
2026-09-05T13:01:51.520+07:00 DEBUG 18080 --- [nio-8080-exec-4] o.s.security.web.FilterChainProxy        : Secured POST /api/v1/auth/register
2026-09-05T13:01:51.955+07:00 DEBUG 18080 --- [nio-8080-exec-5] o.s.security.web.FilterChainProxy        : Securing POST /api/v1/placement/start
2026-09-05T13:01:51.955+07:00 DEBUG 18080 --- [nio-8080-exec-5] c.e.n.security.JwtAuthenticationFilter   : JWT filter processing /api/v1/placement/start tokenPresent=true
2026-09-05T13:01:51.991+07:00 DEBUG 18080 --- [nio-8080-exec-5] c.e.n.security.JwtAuthenticationFilter   : JWT filter authenticated user=placement-all-correct-1788588111399@test.local authorities=[ROLE_LEARNER]
2026-09-05T13:01:51.991+07:00 DEBUG 18080 --- [nio-8080-exec-5] o.s.security.web.FilterChainProxy        : Secured POST /api/v1/placement/start
2026-09-05T13:01:52.190+07:00 DEBUG 18080 --- [nio-8080-exec-9] o.s.security.web.FilterChainProxy        : Securing POST /api/v1/placement/6/answer
2026-09-05T13:01:52.190+07:00 DEBUG 18080 --- [nio-8080-exec-9] c.e.n.security.JwtAuthenticationFilter   : JWT filter processing /api/v1/placement/6/answer tokenPresent=true
2026-09-05T13:01:52.194+07:00 DEBUG 18080 --- [nio-8080-exec-9] c.e.n.security.JwtAuthenticationFilter   : JWT filter authenticated user=placement-all-correct-1788588111399@test.local authorities=[ROLE_LEARNER]
2026-09-05T13:01:52.194+07:00 DEBUG 18080 --- [nio-8080-exec-9] o.s.security.web.FilterChainProxy        : Secured POST /api/v1/placement/6/answer
2026-09-05T13:01:52.298+07:00 DEBUG 18080 --- [nio-8080-exec-7] o.s.security.web.FilterChainProxy        : Securing POST /api/v1/placement/6/answer
2026-09-05T13:01:52.298+07:00 DEBUG 18080 --- [nio-8080-exec-7] c.e.n.security.JwtAuthenticationFilter   : JWT filter processing /api/v1/placement/6/answer tokenPresent=true
2026-09-05T13:01:52.302+07:00 DEBUG 18080 --- [nio-8080-exec-7] c.e.n.security.JwtAuthenticationFilter   : JWT filter authenticated user=placement-all-correct-1788588111399@test.local authorities=[ROLE_LEARNER]
2026-09-05T13:01:52.302+07:00 DEBUG 18080 --- [nio-8080-exec-7] o.s.security.web.FilterChainProxy        : Secured POST /api/v1/placement/6/answer
2026-09-05T13:01:52.502+07:00 DEBUG 18080 --- [nio-8080-exec-8] o.s.security.web.FilterChainProxy        : Securing GET /api/v1/topics
2026-09-05T13:01:52.503+07:00 DEBUG 18080 --- [nio-8080-exec-8] c.e.n.security.JwtAuthenticationFilter   : JWT filter processing /api/v1/topics tokenPresent=true
2026-09-05T13:01:52.506+07:00 DEBUG 18080 --- [nio-8080-exec-8] c.e.n.security.JwtAuthenticationFilter   : JWT filter authenticated user=placement-all-correct-1788588111399@test.local authorities=[ROLE_LEARNER]
2026-09-05T13:01:52.506+07:00 DEBUG 18080 --- [nio-8080-exec-8] o.s.security.web.FilterChainProxy        : Secured GET /api/v1/topics
2026-09-05T13:02:20.357+07:00 DEBUG 18080 --- [nio-8080-exec-1] o.s.security.web.FilterChainProxy        : Securing POST /api/v1/auth/register
2026-09-05T13:02:20.357+07:00 DEBUG 18080 --- [nio-8080-exec-1] c.e.n.security.JwtAuthenticationFilter   : JWT filter processing /api/v1/auth/register tokenPresent=false
2026-09-05T13:02:20.357+07:00 DEBUG 18080 --- [nio-8080-exec-1] o.s.s.w.a.AnonymousAuthenticationFilter  : Set SecurityContextHolder to anonymous SecurityContext
2026-09-05T13:02:20.357+07:00 DEBUG 18080 --- [nio-8080-exec-1] o.s.security.web.FilterChainProxy        : Secured POST /api/v1/auth/register
2026-09-05T13:02:20.468+07:00 DEBUG 18080 --- [nio-8080-exec-2] o.s.security.web.FilterChainProxy        : Securing POST /api/v1/placement/start
2026-09-05T13:02:20.468+07:00 DEBUG 18080 --- [nio-8080-exec-2] c.e.n.security.JwtAuthenticationFilter   : JWT filter processing /api/v1/placement/start tokenPresent=true
2026-09-05T13:02:20.473+07:00 DEBUG 18080 --- [nio-8080-exec-2] c.e.n.security.JwtAuthenticationFilter   : JWT filter authenticated user=placement-all-correct-1788588140304@test.local authorities=[ROLE_LEARNER]
2026-09-05T13:02:20.474+07:00 DEBUG 18080 --- [nio-8080-exec-2] o.s.security.web.FilterChainProxy        : Secured POST /api/v1/placement/start
2026-09-05T13:02:20.523+07:00 DEBUG 18080 --- [nio-8080-exec-3] o.s.security.web.FilterChainProxy        : Securing POST /api/v1/placement/7/answer
2026-09-05T13:02:20.524+07:00 DEBUG 18080 --- [nio-8080-exec-3] c.e.n.security.JwtAuthenticationFilter   : JWT filter processing /api/v1/placement/7/answer tokenPresent=true
2026-09-05T13:02:20.528+07:00 DEBUG 18080 --- [nio-8080-exec-3] c.e.n.security.JwtAuthenticationFilter   : JWT filter authenticated user=placement-all-correct-1788588140304@test.local authorities=[ROLE_LEARNER]
2026-09-05T13:02:20.528+07:00 DEBUG 18080 --- [nio-8080-exec-3] o.s.security.web.FilterChainProxy        : Secured POST /api/v1/placement/7/answer
2026-09-05T13:02:20.584+07:00 DEBUG 18080 --- [nio-8080-exec-4] o.s.security.web.FilterChainProxy        : Securing POST /api/v1/placement/7/answer
2026-09-05T13:02:20.584+07:00 DEBUG 18080 --- [nio-8080-exec-4] c.e.n.security.JwtAuthenticationFilter   : JWT filter processing /api/v1/placement/7/answer tokenPresent=true
2026-09-05T13:02:20.587+07:00 DEBUG 18080 --- [nio-8080-exec-4] c.e.n.security.JwtAuthenticationFilter   : JWT filter authenticated user=placement-all-correct-1788588140304@test.local authorities=[ROLE_LEARNER]
2026-09-05T13:02:20.588+07:00 DEBUG 18080 --- [nio-8080-exec-4] o.s.security.web.FilterChainProxy        : Secured POST /api/v1/placement/7/answer
2026-09-05T13:02:20.761+07:00 DEBUG 18080 --- [nio-8080-exec-5] o.s.security.web.FilterChainProxy        : Securing GET /api/v1/topics
2026-09-05T13:02:20.762+07:00 DEBUG 18080 --- [nio-8080-exec-5] c.e.n.security.JwtAuthenticationFilter   : JWT filter processing /api/v1/topics tokenPresent=true
2026-09-05T13:02:20.766+07:00 DEBUG 18080 --- [nio-8080-exec-5] c.e.n.security.JwtAuthenticationFilter   : JWT filter authenticated user=placement-all-correct-1788588140304@test.local authorities=[ROLE_LEARNER]
2026-09-05T13:02:20.766+07:00 DEBUG 18080 --- [nio-8080-exec-5] o.s.security.web.FilterChainProxy        : Secured GET /api/v1/topics
2026-09-05T13:02:20.902+07:00 DEBUG 18080 --- [nio-8080-exec-8] o.s.security.web.FilterChainProxy        : Securing POST /api/v1/auth/register
2026-09-05T13:02:20.903+07:00 DEBUG 18080 --- [nio-8080-exec-8] c.e.n.security.JwtAuthenticationFilter   : JWT filter processing /api/v1/auth/register tokenPresent=false
2026-09-05T13:02:20.903+07:00 DEBUG 18080 --- [nio-8080-exec-8] o.s.s.w.a.AnonymousAuthenticationFilter  : Set SecurityContextHolder to anonymous SecurityContext
2026-09-05T13:02:20.903+07:00 DEBUG 18080 --- [nio-8080-exec-8] o.s.security.web.FilterChainProxy        : Secured POST /api/v1/auth/register
2026-09-05T13:02:21.014+07:00 DEBUG 18080 --- [io-8080-exec-10] o.s.security.web.FilterChainProxy        : Securing POST /api/v1/placement/start
2026-09-05T13:02:21.014+07:00 DEBUG 18080 --- [io-8080-exec-10] c.e.n.security.JwtAuthenticationFilter   : JWT filter processing /api/v1/placement/start tokenPresent=true
2026-09-05T13:02:21.018+07:00 DEBUG 18080 --- [io-8080-exec-10] c.e.n.security.JwtAuthenticationFilter   : JWT filter authenticated user=placement-all-wrong-1788588140849@test.local authorities=[ROLE_LEARNER]
2026-09-05T13:02:21.019+07:00 DEBUG 18080 --- [io-8080-exec-10] o.s.security.web.FilterChainProxy        : Secured POST /api/v1/placement/start
2026-09-05T13:02:21.068+07:00 DEBUG 18080 --- [nio-8080-exec-6] o.s.security.web.FilterChainProxy        : Securing POST /api/v1/placement/8/answer
2026-09-05T13:02:21.068+07:00 DEBUG 18080 --- [nio-8080-exec-6] c.e.n.security.JwtAuthenticationFilter   : JWT filter processing /api/v1/placement/8/answer tokenPresent=true
2026-09-05T13:02:21.072+07:00 DEBUG 18080 --- [nio-8080-exec-6] c.e.n.security.JwtAuthenticationFilter   : JWT filter authenticated user=placement-all-wrong-1788588140849@test.local authorities=[ROLE_LEARNER]
2026-09-05T13:02:21.072+07:00 DEBUG 18080 --- [nio-8080-exec-6] o.s.security.web.FilterChainProxy        : Secured POST /api/v1/placement/8/answer
2026-09-05T13:02:21.133+07:00 DEBUG 18080 --- [nio-8080-exec-1] o.s.security.web.FilterChainProxy        : Securing POST /api/v1/placement/8/answer
2026-09-05T13:02:21.134+07:00 DEBUG 18080 --- [nio-8080-exec-1] c.e.n.security.JwtAuthenticationFilter   : JWT filter processing /api/v1/placement/8/answer tokenPresent=true
2026-09-05T13:02:21.137+07:00 DEBUG 18080 --- [nio-8080-exec-1] c.e.n.security.JwtAuthenticationFilter   : JWT filter authenticated user=placement-all-wrong-1788588140849@test.local authorities=[ROLE_LEARNER]
2026-09-05T13:02:21.138+07:00 DEBUG 18080 --- [nio-8080-exec-1] o.s.security.web.FilterChainProxy        : Secured POST /api/v1/placement/8/answer
2026-09-05T13:02:21.183+07:00 DEBUG 18080 --- [nio-8080-exec-2] o.s.security.web.FilterChainProxy        : Securing GET /api/v1/topics
2026-09-05T13:02:21.184+07:00 DEBUG 18080 --- [nio-8080-exec-2] c.e.n.security.JwtAuthenticationFilter   : JWT filter processing /api/v1/topics tokenPresent=true
2026-09-05T13:02:21.187+07:00 DEBUG 18080 --- [nio-8080-exec-2] c.e.n.security.JwtAuthenticationFilter   : JWT filter authenticated user=placement-all-wrong-1788588140849@test.local authorities=[ROLE_LEARNER]
2026-09-05T13:02:21.188+07:00 DEBUG 18080 --- [nio-8080-exec-2] o.s.security.web.FilterChainProxy        : Secured GET /api/v1/topics
2026-09-05T13:02:21.324+07:00 DEBUG 18080 --- [nio-8080-exec-5] o.s.security.web.FilterChainProxy        : Securing POST /api/v1/auth/register
2026-09-05T13:02:21.324+07:00 DEBUG 18080 --- [nio-8080-exec-5] c.e.n.security.JwtAuthenticationFilter   : JWT filter processing /api/v1/auth/register tokenPresent=false
2026-09-05T13:02:21.324+07:00 DEBUG 18080 --- [nio-8080-exec-5] o.s.s.w.a.AnonymousAuthenticationFilter  : Set SecurityContextHolder to anonymous SecurityContext
2026-09-05T13:02:21.324+07:00 DEBUG 18080 --- [nio-8080-exec-5] o.s.security.web.FilterChainProxy        : Secured POST /api/v1/auth/register
2026-09-05T13:02:21.433+07:00 DEBUG 18080 --- [nio-8080-exec-9] o.s.security.web.FilterChainProxy        : Securing POST /api/v1/placement/start
2026-09-05T13:02:21.433+07:00 DEBUG 18080 --- [nio-8080-exec-9] c.e.n.security.JwtAuthenticationFilter   : JWT filter processing /api/v1/placement/start tokenPresent=true
2026-09-05T13:02:21.437+07:00 DEBUG 18080 --- [nio-8080-exec-9] c.e.n.security.JwtAuthenticationFilter   : JWT filter authenticated user=placement-mixed-1788588141272@test.local authorities=[ROLE_LEARNER]
2026-09-05T13:02:21.438+07:00 DEBUG 18080 --- [nio-8080-exec-9] o.s.security.web.FilterChainProxy        : Secured POST /api/v1/placement/start
2026-09-05T13:02:21.491+07:00 DEBUG 18080 --- [nio-8080-exec-7] o.s.security.web.FilterChainProxy        : Securing POST /api/v1/placement/9/answer
2026-09-05T13:02:21.492+07:00 DEBUG 18080 --- [nio-8080-exec-7] c.e.n.security.JwtAuthenticationFilter   : JWT filter processing /api/v1/placement/9/answer tokenPresent=true
2026-09-05T13:02:21.496+07:00 DEBUG 18080 --- [nio-8080-exec-7] c.e.n.security.JwtAuthenticationFilter   : JWT filter authenticated user=placement-mixed-1788588141272@test.local authorities=[ROLE_LEARNER]
2026-09-05T13:02:21.496+07:00 DEBUG 18080 --- [nio-8080-exec-7] o.s.security.web.FilterChainProxy        : Secured POST /api/v1/placement/9/answer
2026-09-05T13:02:21.551+07:00 DEBUG 18080 --- [nio-8080-exec-8] o.s.security.web.FilterChainProxy        : Securing POST /api/v1/placement/9/answer
2026-09-05T13:02:21.552+07:00 DEBUG 18080 --- [nio-8080-exec-8] c.e.n.security.JwtAuthenticationFilter   : JWT filter processing /api/v1/placement/9/answer tokenPresent=true
2026-09-05T13:02:21.555+07:00 DEBUG 18080 --- [nio-8080-exec-8] c.e.n.security.JwtAuthenticationFilter   : JWT filter authenticated user=placement-mixed-1788588141272@test.local authorities=[ROLE_LEARNER]
2026-09-05T13:02:21.556+07:00 DEBUG 18080 --- [nio-8080-exec-8] o.s.security.web.FilterChainProxy        : Secured POST /api/v1/placement/9/answer
2026-09-05T13:02:21.680+07:00 DEBUG 18080 --- [io-8080-exec-10] o.s.security.web.FilterChainProxy        : Securing GET /api/v1/topics
2026-09-05T13:02:21.681+07:00 DEBUG 18080 --- [io-8080-exec-10] c.e.n.security.JwtAuthenticationFilter   : JWT filter processing /api/v1/topics tokenPresent=true
2026-09-05T13:02:21.684+07:00 DEBUG 18080 --- [io-8080-exec-10] c.e.n.security.JwtAuthenticationFilter   : JWT filter authenticated user=placement-mixed-1788588141272@test.local authorities=[ROLE_LEARNER]
2026-09-05T13:02:21.684+07:00 DEBUG 18080 --- [io-8080-exec-10] o.s.security.web.FilterChainProxy        : Secured GET /api/v1/topics
2026-09-05T13:02:45.540+07:00 DEBUG 18080 --- [nio-8080-exec-2] o.s.security.web.FilterChainProxy        : Securing POST /api/v1/auth/register
2026-09-05T13:02:45.540+07:00 DEBUG 18080 --- [nio-8080-exec-2] c.e.n.security.JwtAuthenticationFilter   : JWT filter processing /api/v1/auth/register tokenPresent=false
2026-09-05T13:02:45.541+07:00 DEBUG 18080 --- [nio-8080-exec-2] o.s.s.w.a.AnonymousAuthenticationFilter  : Set SecurityContextHolder to anonymous SecurityContext
2026-09-05T13:02:45.541+07:00 DEBUG 18080 --- [nio-8080-exec-2] o.s.security.web.FilterChainProxy        : Secured POST /api/v1/auth/register
2026-09-05T13:02:45.649+07:00 DEBUG 18080 --- [nio-8080-exec-3] o.s.security.web.FilterChainProxy        : Securing POST /api/v1/placement/start
2026-09-05T13:02:45.649+07:00 DEBUG 18080 --- [nio-8080-exec-3] c.e.n.security.JwtAuthenticationFilter   : JWT filter processing /api/v1/placement/start tokenPresent=true
2026-09-05T13:02:45.652+07:00 DEBUG 18080 --- [nio-8080-exec-3] c.e.n.security.JwtAuthenticationFilter   : JWT filter authenticated user=placement-mixed-1788588165483@test.local authorities=[ROLE_LEARNER]
2026-09-05T13:02:45.652+07:00 DEBUG 18080 --- [nio-8080-exec-3] o.s.security.web.FilterChainProxy        : Secured POST /api/v1/placement/start
2026-09-05T13:02:45.696+07:00 DEBUG 18080 --- [nio-8080-exec-4] o.s.security.web.FilterChainProxy        : Securing POST /api/v1/placement/10/answer
2026-09-05T13:02:45.696+07:00 DEBUG 18080 --- [nio-8080-exec-4] c.e.n.security.JwtAuthenticationFilter   : JWT filter processing /api/v1/placement/10/answer tokenPresent=true
2026-09-05T13:02:45.699+07:00 DEBUG 18080 --- [nio-8080-exec-4] c.e.n.security.JwtAuthenticationFilter   : JWT filter authenticated user=placement-mixed-1788588165483@test.local authorities=[ROLE_LEARNER]
2026-09-05T13:02:45.699+07:00 DEBUG 18080 --- [nio-8080-exec-4] o.s.security.web.FilterChainProxy        : Secured POST /api/v1/placement/10/answer
2026-09-05T13:02:45.751+07:00 DEBUG 18080 --- [nio-8080-exec-5] o.s.security.web.FilterChainProxy        : Securing POST /api/v1/placement/10/answer
2026-09-05T13:02:45.752+07:00 DEBUG 18080 --- [nio-8080-exec-5] c.e.n.security.JwtAuthenticationFilter   : JWT filter processing /api/v1/placement/10/answer tokenPresent=true
2026-09-05T13:02:45.755+07:00 DEBUG 18080 --- [nio-8080-exec-5] c.e.n.security.JwtAuthenticationFilter   : JWT filter authenticated user=placement-mixed-1788588165483@test.local authorities=[ROLE_LEARNER]
2026-09-05T13:02:45.755+07:00 DEBUG 18080 --- [nio-8080-exec-5] o.s.security.web.FilterChainProxy        : Secured POST /api/v1/placement/10/answer
2026-09-05T13:02:45.841+07:00 DEBUG 18080 --- [nio-8080-exec-9] o.s.security.web.FilterChainProxy        : Securing GET /api/v1/topics
2026-09-05T13:02:45.841+07:00 DEBUG 18080 --- [nio-8080-exec-9] c.e.n.security.JwtAuthenticationFilter   : JWT filter processing /api/v1/topics tokenPresent=true
2026-09-05T13:02:45.844+07:00 DEBUG 18080 --- [nio-8080-exec-9] c.e.n.security.JwtAuthenticationFilter   : JWT filter authenticated user=placement-mixed-1788588165483@test.local authorities=[ROLE_LEARNER]
2026-09-05T13:02:45.844+07:00 DEBUG 18080 --- [nio-8080-exec-9] o.s.security.web.FilterChainProxy        : Secured GET /api/v1/topics
