[INFO] Scanning for projects...
[INFO] 
[INFO] ----------------------< com.example:nihongo-app >-----------------------
[INFO] Building  0.0.1-SNAPSHOT
[INFO]   from pom.xml
[INFO] --------------------------------[ jar ]---------------------------------
[INFO] 
[INFO] >>> spring-boot:4.1.0:run (default-cli) > test-compile @ nihongo-app >>>
[INFO] 
[INFO] --- resources:3.5.0:resources (default-resources) @ nihongo-app ---
[INFO] Copying 1 resource from src\main\resources to target\classes
[INFO] Copying 42 resources from src\main\resources to target\classes
[INFO] 
[INFO] --- compiler:3.15.0:compile (default-compile) @ nihongo-app ---
[INFO] Nothing to compile - all classes are up to date.
[INFO] 
[INFO] --- resources:3.5.0:testResources (default-testResources) @ nihongo-app ---
[INFO] skip non existing resourceDirectory C:\Users\Endministrator\Documents\BE_NihongoApp\src\test\resources
[INFO] 
[INFO] --- compiler:3.15.0:testCompile (default-testCompile) @ nihongo-app ---
[INFO] Nothing to compile - all classes are up to date.
[INFO] 
[INFO] <<< spring-boot:4.1.0:run (default-cli) < test-compile @ nihongo-app <<<
[INFO] 
[INFO] 
[INFO] --- spring-boot:4.1.0:run (default-cli) @ nihongo-app ---
[INFO] Attaching agents: []

  .   ____          _            __ _ _
 /\\ / ___'_ __ _ _(_)_ __  __ _ \ \ \ \
( ( )\___ | '_ | '_| | '_ \/ _` | \ \ \ \
 \\/  ___)| |_)| | | | | || (_| |  ) ) ) )
  '  |____| .__|_| |_|_| |_\__, | / / / /
 =========|_|==============|___/=/_/_/_/

 :: Spring Boot ::                (v4.1.0)

2026-09-05T12:09:32.506+07:00  INFO 18072 --- [  restartedMain] c.e.nihongo_app.NihongoAppApplication    : Starting NihongoAppApplication using Java 17.0.19 with PID 18072 (C:\Users\Endministrator\Documents\BE_NihongoApp\target\classes started by Endministrator in C:\Users\Endministrator\Documents\BE_NihongoApp)
2026-09-05T12:09:32.511+07:00  INFO 18072 --- [  restartedMain] c.e.nihongo_app.NihongoAppApplication    : No active profile set, falling back to 1 default profile: "default"
2026-09-05T12:09:32.573+07:00  INFO 18072 --- [  restartedMain] .e.DevToolsPropertyDefaultsPostProcessor : Devtools property defaults active! Set 'spring.devtools.add-properties' to 'false' to disable
2026-09-05T12:09:32.574+07:00  INFO 18072 --- [  restartedMain] .e.DevToolsPropertyDefaultsPostProcessor : For additional web related logging consider setting the 'logging.level.web' property to 'DEBUG'
2026-09-05T12:09:33.817+07:00  INFO 18072 --- [  restartedMain] .s.d.r.c.RepositoryConfigurationDelegate : Bootstrapping Spring Data JPA repositories in DEFAULT mode.
2026-09-05T12:09:34.045+07:00  INFO 18072 --- [  restartedMain] .s.d.r.c.RepositoryConfigurationDelegate : Finished Spring Data repository scanning in 215 ms. Found 27 JPA repository interfaces.
2026-09-05T12:09:35.211+07:00  INFO 18072 --- [  restartedMain] o.s.boot.tomcat.TomcatWebServer          : Tomcat initialized with port 8080 (http)
2026-09-05T12:09:35.229+07:00  INFO 18072 --- [  restartedMain] o.apache.catalina.core.StandardService   : Starting service [Tomcat]
2026-09-05T12:09:35.229+07:00  INFO 18072 --- [  restartedMain] o.apache.catalina.core.StandardEngine    : Starting Servlet engine: [Apache Tomcat/11.0.22]
2026-09-05T12:09:35.292+07:00  INFO 18072 --- [  restartedMain] b.w.c.s.WebApplicationContextInitializer : Root WebApplicationContext: initialization completed in 2718 ms
2026-09-05T12:09:35.628+07:00  INFO 18072 --- [  restartedMain] com.zaxxer.hikari.HikariDataSource       : HikariPool-1 - Starting...
2026-09-05T12:09:35.829+07:00  INFO 18072 --- [  restartedMain] com.zaxxer.hikari.pool.HikariPool        : HikariPool-1 - Added connection com.mysql.cj.jdbc.ConnectionImpl@58085a34
2026-09-05T12:09:35.831+07:00  INFO 18072 --- [  restartedMain] com.zaxxer.hikari.HikariDataSource       : HikariPool-1 - Start completed.
2026-09-05T12:09:35.874+07:00  INFO 18072 --- [  restartedMain] org.flywaydb.core.FlywayExecutor         : Database: jdbc:mysql://localhost:3307/nihongo_db?useSSL=false&allowPublicKeyRetrieval=true&serverTimezone=Asia/Ho_Chi_Minh (MySQL 8.4)
2026-09-05T12:09:36.081+07:00  INFO 18072 --- [  restartedMain] o.f.core.internal.command.DbMigrate      : Current version of schema `nihongo_db`: 43
2026-09-05T12:09:36.087+07:00  INFO 18072 --- [  restartedMain] o.f.core.internal.command.DbMigrate      : Schema `nihongo_db` is up to date. No migration necessary.
2026-09-05T12:09:36.305+07:00  INFO 18072 --- [  restartedMain] org.hibernate.orm.jpa                    : HHH008540: Processing PersistenceUnitInfo [name: default]
2026-09-05T12:09:36.381+07:00  INFO 18072 --- [  restartedMain] org.hibernate.orm.core                   : HHH000001: Hibernate ORM core version 7.4.1.Final
2026-09-05T12:09:36.767+07:00  INFO 18072 --- [  restartedMain] org.hibernate.orm.connections.pooling    : HHH10001005: Database info:
	Database JDBC URL [jdbc:mysql://localhost:3307/nihongo_db?useSSL=false&allowPublicKeyRetrieval=true&serverTimezone=Asia/Ho_Chi_Minh]
	Database driver: MySQL Connector/J
	Database dialect: MySQLDialect
	Database version: 8.4.10
	Default catalog/schema: nihongo_db/undefined
	Autocommit mode: undefined/unknown
	Isolation level: REPEATABLE_READ [default REPEATABLE_READ]
	JDBC fetch size: none
	Pool: DataSourceConnectionProvider
	Minimum pool size: undefined/unknown
	Maximum pool size: undefined/unknown
2026-09-05T12:09:37.074+07:00  INFO 18072 --- [  restartedMain] o.s.o.j.p.SpringPersistenceUnitInfo      : No LoadTimeWeaver setup: ignoring JPA class transformer
2026-09-05T12:09:38.883+07:00  INFO 18072 --- [  restartedMain] org.hibernate.orm.core                   : HHH000489: No JTA platform available (set 'hibernate.transaction.jta.platform' to enable JTA platform integration)
2026-09-05T12:09:38.895+07:00  INFO 18072 --- [  restartedMain] j.LocalContainerEntityManagerFactoryBean : Initialized JPA EntityManagerFactory for persistence unit 'default'
2026-09-05T12:09:39.062+07:00  INFO 18072 --- [  restartedMain] o.s.d.j.r.query.QueryEnhancerFactories   : Hibernate is in classpath; If applicable, HQL parser will be used.
2026-09-05T12:09:41.409+07:00  WARN 18072 --- [  restartedMain] JpaBaseConfiguration$JpaWebConfiguration : spring.jpa.open-in-view is enabled by default. Therefore, database queries may be performed during view rendering. Explicitly configure spring.jpa.open-in-view to disable this warning
2026-09-05T12:09:41.637+07:00  INFO 18072 --- [  restartedMain] r$InitializeUserDetailsManagerConfigurer : Global AuthenticationManager configured with UserDetailsService bean with name userDetailsServiceImpl
2026-09-05T12:09:41.782+07:00  INFO 18072 --- [  restartedMain] c.e.nihongo_app.config.SecurityConfig    : SecurityConfig loaded: JWT filter wired via SecurityFilterChain (no global registration)
2026-09-05T12:09:41.824+07:00 DEBUG 18072 --- [  restartedMain] o.s.s.web.DefaultSecurityFilterChain     : Will secure any request with filters: DisableEncodeUrlFilter, WebAsyncManagerIntegrationFilter, SecurityContextHolderFilter, HeaderWriterFilter, CorsFilter, LogoutFilter, JwtAuthenticationFilter, RequestCacheAwareFilter, SecurityContextHolderAwareRequestFilter, AnonymousAuthenticationFilter, SessionManagementFilter, ExceptionTranslationFilter, AuthorizationFilter
2026-09-05T12:09:42.487+07:00  WARN 18072 --- [  restartedMain] ConfigServletWebServerApplicationContext : Exception encountered during context initialization - cancelling refresh attempt: org.springframework.context.ApplicationContextException: Failed to start bean 'webServerStartStop'
2026-09-05T12:09:42.493+07:00  INFO 18072 --- [  restartedMain] j.LocalContainerEntityManagerFactoryBean : Closing JPA EntityManagerFactory for persistence unit 'default'
2026-09-05T12:09:42.496+07:00  INFO 18072 --- [  restartedMain] com.zaxxer.hikari.HikariDataSource       : HikariPool-1 - Shutdown initiated...
2026-09-05T12:09:42.503+07:00  INFO 18072 --- [  restartedMain] com.zaxxer.hikari.HikariDataSource       : HikariPool-1 - Shutdown completed.
2026-09-05T12:09:42.519+07:00  INFO 18072 --- [  restartedMain] .s.b.a.l.ConditionEvaluationReportLogger : 

Error starting ApplicationContext. To display the condition evaluation report re-run your application with 'debug' enabled.
2026-09-05T12:09:42.539+07:00 ERROR 18072 --- [  restartedMain] o.s.b.d.LoggingFailureAnalysisReporter   : 

***************************
APPLICATION FAILED TO START
***************************

Description:

Web server failed to start. Port 8080 was already in use.

Action:

Identify and stop the process that's listening on port 8080 or configure this application to listen on another port.

[INFO] ------------------------------------------------------------------------
[INFO] BUILD SUCCESS
[INFO] ------------------------------------------------------------------------
[INFO] Total time:  14.408 s
[INFO] Finished at: 2026-09-05T12:09:42+07:00
[INFO] ------------------------------------------------------------------------
